TAP version 13
# Subtest: PM354 precreated frozen Promise preserves real child outcome reaction and own state
not ok 1 - PM354 precreated frozen Promise preserves real child outcome reaction and own state
  ---
  duration_ms: 1939.6604
  type: 'test'
  location: 'C:\\Users\\joeym\\Documents\\prepledger-dev\\work\\pm-caretaker\\native-capture-noninterference\\work\\pm-caretaker\\b1b2-native-capture\\rebuild\\lanes\\b\\tooling\\test\\b1b2-native-capture.test.cjs:129:63'
  failureType: 'testCodeFailure'
  error: |-
    PM354 capture must preserve the actual child outcome
    + actual - expected
    
      {
    +   cancelled: null,
    +   childExit: 1,
    -   cancelled: 0,
    -   childExit: 0,
        childSignal: null,
    +   fail: null,
    +   pass: null,
    +   skipped: null,
    +   tests: null,
    +   todo: null
    -   fail: 0,
    -   pass: 4,
    -   skipped: 0,
    -   tests: 4,
    -   todo: 0
      }
    
  code: 'ERR_ASSERTION'
  name: 'AssertionError'
  expected:
    childExit: 0
    childSignal: ~
    tests: 4
    pass: 4
    fail: 0
    cancelled: 0
    skipped: 0
    todo: 0
  actual:
    childExit: 1
    childSignal: ~
    tests: ~
    pass: ~
    fail: ~
    cancelled: ~
    skipped: ~
    todo: ~
  operator: 'deepStrictEqual'
  stack: |-
    TestContext.<anonymous> (C:\Users\joeym\Documents\prepledger-dev\work\pm-caretaker\native-capture-noninterference\work\pm-caretaker\b1b2-native-capture\rebuild\lanes\b\tooling\test\b1b2-native-capture.test.cjs:135:10)
    process.processTicksAndRejections (node:internal/process/task_queues:103:5)
    async Test.run (node:internal/test_runner/test:1054:7)
    async startSubtestAfterBootstrap (node:internal/test_runner/harness:296:3)
  ...
# Subtest: PM354 precreated sealed Promise preserves real child outcome reaction and own state
not ok 2 - PM354 precreated sealed Promise preserves real child outcome reaction and own state
  ---
  duration_ms: 1883.3467
  type: 'test'
  location: 'C:\\Users\\joeym\\Documents\\prepledger-dev\\work\\pm-caretaker\\native-capture-noninterference\\work\\pm-caretaker\\b1b2-native-capture\\rebuild\\lanes\\b\\tooling\\test\\b1b2-native-capture.test.cjs:129:63'
  failureType: 'testCodeFailure'
  error: |-
    PM354 capture must preserve the actual child outcome
    + actual - expected
    
      {
    +   cancelled: null,
    +   childExit: 1,
    -   cancelled: 0,
    -   childExit: 0,
        childSignal: null,
    +   fail: null,
    +   pass: null,
    +   skipped: null,
    +   tests: null,
    +   todo: null
    -   fail: 0,
    -   pass: 4,
    -   skipped: 0,
    -   tests: 4,
    -   todo: 0
      }
    
  code: 'ERR_ASSERTION'
  name: 'AssertionError'
  expected:
    childExit: 0
    childSignal: ~
    tests: 4
    pass: 4
    fail: 0
    cancelled: 0
    skipped: 0
    todo: 0
  actual:
    childExit: 1
    childSignal: ~
    tests: ~
    pass: ~
    fail: ~
    cancelled: ~
    skipped: ~
    todo: ~
  operator: 'deepStrictEqual'
  stack: |-
    TestContext.<anonymous> (C:\Users\joeym\Documents\prepledger-dev\work\pm-caretaker\native-capture-noninterference\work\pm-caretaker\b1b2-native-capture\rebuild\lanes\b\tooling\test\b1b2-native-capture.test.cjs:135:10)
    process.processTicksAndRejections (node:internal/process/task_queues:103:5)
    async Test.run (node:internal/test_runner/test:1054:7)
    async Test.processPendingSubtests (node:internal/test_runner/test:744:7)
  ...
# Subtest: PM354 precreated nonextensible Promise preserves real child outcome reaction and own state
not ok 3 - PM354 precreated nonextensible Promise preserves real child outcome reaction and own state
  ---
  duration_ms: 1952.5013
  type: 'test'
  location: 'C:\\Users\\joeym\\Documents\\prepledger-dev\\work\\pm-caretaker\\native-capture-noninterference\\work\\pm-caretaker\\b1b2-native-capture\\rebuild\\lanes\\b\\tooling\\test\\b1b2-native-capture.test.cjs:129:63'
  failureType: 'testCodeFailure'
  error: |-
    PM354 capture must preserve the actual child outcome
    + actual - expected
    
      {
    +   cancelled: null,
    +   childExit: 1,
    -   cancelled: 0,
    -   childExit: 0,
        childSignal: null,
    +   fail: null,
    +   pass: null,
    +   skipped: null,
    +   tests: null,
    +   todo: null
    -   fail: 0,
    -   pass: 4,
    -   skipped: 0,
    -   tests: 4,
    -   todo: 0
      }
    
  code: 'ERR_ASSERTION'
  name: 'AssertionError'
  expected:
    childExit: 0
    childSignal: ~
    tests: 4
    pass: 4
    fail: 0
    cancelled: 0
    skipped: 0
    todo: 0
  actual:
    childExit: 1
    childSignal: ~
    tests: ~
    pass: ~
    fail: ~
    cancelled: ~
    skipped: ~
    todo: ~
  operator: 'deepStrictEqual'
  stack: |-
    TestContext.<anonymous> (C:\Users\joeym\Documents\prepledger-dev\work\pm-caretaker\native-capture-noninterference\work\pm-caretaker\b1b2-native-capture\rebuild\lanes\b\tooling\test\b1b2-native-capture.test.cjs:135:10)
    process.processTicksAndRejections (node:internal/process/task_queues:103:5)
    async Test.run (node:internal/test_runner/test:1054:7)
    async Test.processPendingSubtests (node:internal/test_runner/test:744:7)
  ...
# Subtest: PM354 precreated plain Promise preserves real child outcome reaction and own state
not ok 4 - PM354 precreated plain Promise preserves real child outcome reaction and own state
  ---
  duration_ms: 1924.0739
  type: 'test'
  location: 'C:\\Users\\joeym\\Documents\\prepledger-dev\\work\\pm-caretaker\\native-capture-noninterference\\work\\pm-caretaker\\b1b2-native-capture\\rebuild\\lanes\\b\\tooling\\test\\b1b2-native-capture.test.cjs:129:63'
  failureType: 'testCodeFailure'
  error: |-
    PM354 observer must not add Promise symbols
    + actual - expected
    
      {
        extensible: true,
        frozen: false,
    +   keys: [
    +     'symbol:async_id_symbol',
    +     'symbol:trigger_async_id_symbol'
    +   ],
    -   keys: [],
        sealed: false
      }
    
  code: 'ERR_ASSERTION'
  name: 'AssertionError'
  expected:
    keys:
    extensible: true
    sealed: false
    frozen: false
  actual:
    keys:
      0: 'symbol:async_id_symbol'
      1: 'symbol:trigger_async_id_symbol'
    extensible: true
    sealed: false
    frozen: false
  operator: 'deepStrictEqual'
  stack: |-
    TestContext.<anonymous> (C:\Users\joeym\Documents\prepledger-dev\work\pm-caretaker\native-capture-noninterference\work\pm-caretaker\b1b2-native-capture\rebuild\lanes\b\tooling\test\b1b2-native-capture.test.cjs:138:10)
    process.processTicksAndRejections (node:internal/process/task_queues:103:5)
    async Test.run (node:internal/test_runner/test:1054:7)
    async Test.processPendingSubtests (node:internal/test_runner/test:744:7)
  ...
1..4
# tests 4
# suites 0
# pass 0
# fail 4
# cancelled 0
# skipped 0
# todo 0
# duration_ms 7821.3001
