TAP version 13
# Subtest: real build: Windows-safe spaces hash percent and Unicode paths retain exports clock ordering and options
ok 1 - real build: Windows-safe spaces hash percent and Unicode paths retain exports clock ordering and options
  ---
  duration_ms: 1397.2022
  type: 'test'
  ...
# Subtest: real build: repeated runs preserve mismatched preexisting worktree and sentinel
ok 2 - real build: repeated runs preserve mismatched preexisting worktree and sentinel
  ---
  duration_ms: 1954.5659
  type: 'test'
  ...
# Subtest: real build: concurrent runs own distinct worktrees entries and retained bundles
ok 3 - real build: concurrent runs own distinct worktrees entries and retained bundles
  ---
  duration_ms: 1660.8474
  type: 'test'
  ...
# Subtest: real build: missing explicit ref cannot claim previous outputs as new success
ok 4 - real build: missing explicit ref cannot claim previous outputs as new success
  ---
  duration_ms: 769.1452
  type: 'test'
  ...
# Subtest: real build: failure in second build retains old outputs and the first new bundle as evidence
ok 5 - real build: failure in second build retains old outputs and the first new bundle as evidence
  ---
  duration_ms: 1323.8983
  type: 'test'
  ...
# Subtest: real build: refuses a root belonging to a different builder before any scratch write
ok 6 - real build: refuses a root belonging to a different builder before any scratch write
  ---
  duration_ms: 1257.3828
  type: 'test'
  ...
# Subtest: real build: refuses module hardlink before any invocation worktree or output change
ok 7 - real build: refuses module hardlink before any invocation worktree or output change
  ---
  duration_ms: 697.4564
  type: 'test'
  ...
# Subtest: real build: refuses scratch-junction without changing linked evidence
ok 8 - real build: refuses scratch-junction without changing linked evidence
  ---
  duration_ms: 875.047
  type: 'test'
  ...
# Subtest: real build: refuses root-junction without changing linked evidence
ok 9 - real build: refuses root-junction without changing linked evidence
  ---
  duration_ms: 623.8156
  type: 'test'
  ...
# Subtest: real build: refuses output-hardlink without changing linked evidence
ok 10 - real build: refuses output-hardlink without changing linked evidence
  ---
  duration_ms: 711.9594
  type: 'test'
  ...
# Subtest: real build: a scratch file is never removed or reused as a directory
ok 11 - real build: a scratch file is never removed or reused as a directory
  ---
  duration_ms: 748.4309
  type: 'test'
  ...
# Subtest: real build: a committed entry sentinel is never overwritten or cleaned away
ok 12 - real build: a committed entry sentinel is never overwritten or cleaned away
  ---
  duration_ms: 1052.6358
  type: 'test'
  ...
1..12
# tests 12
# suites 0
# pass 12
# fail 0
# cancelled 0
# skipped 0
# todo 0
# duration_ms 13131.2266
