TAP version 13
# Subtest: idle replacement: idle unprepared host publishes exactly once without a write
ok 1 - idle replacement: idle unprepared host publishes exactly once without a write
  ---
  duration_ms: 29.6356
  type: 'test'
  ...
# Subtest: idle replacement: idle prepared host publishes exactly once without a write
ok 2 - idle replacement: idle prepared host publishes exactly once without a write
  ---
  duration_ms: 9.1982
  type: 'test'
  ...
# Subtest: idle replacement: fully closed recorded workout preserves complete generation ops outbox and retained history
ok 3 - idle replacement: fully closed recorded workout preserves complete generation ops outbox and retained history
  ---
  duration_ms: 22.4687
  type: 'test'
  ...
# Subtest: idle replacement: false before publication retains the old usable preparation
ok 4 - idle replacement: false before publication retains the old usable preparation
  ---
  duration_ms: 7.9227
  type: 'test'
  ...
# Subtest: idle replacement: throw before publication retains the old usable preparation
ok 5 - idle replacement: throw before publication retains the old usable preparation
  ---
  duration_ms: 6.1633
  type: 'test'
  ...
# Subtest: idle replacement: promise before publication retains the old usable preparation
ok 6 - idle replacement: promise before publication retains the old usable preparation
  ---
  duration_ms: 7.4485
  type: 'test'
  ...
# Subtest: idle replacement: failed-preparation before publication retains the old usable preparation
ok 7 - idle replacement: failed-preparation before publication retains the old usable preparation
  ---
  duration_ms: 6.6105
  type: 'test'
  ...
# Subtest: idle replacement: publisher throw-before is unknown publication without rolling back external effects
ok 8 - idle replacement: publisher throw-before is unknown publication without rolling back external effects
  ---
  duration_ms: 6.5348
  type: 'test'
  ...
# Subtest: idle replacement: publisher assign-throw is unknown publication without rolling back external effects
ok 9 - idle replacement: publisher assign-throw is unknown publication without rolling back external effects
  ---
  duration_ms: 6.5521
  type: 'test'
  ...
# Subtest: idle replacement: publisher assign-promise is unknown publication without rolling back external effects
ok 10 - idle replacement: publisher assign-promise is unknown publication without rolling back external effects
  ---
  duration_ms: 7.1976
  type: 'test'
  ...
# Subtest: idle replacement: publisher assign-value is unknown publication without rolling back external effects
ok 11 - idle replacement: publisher assign-value is unknown publication without rolling back external effects
  ---
  duration_ms: 11.5224
  type: 'test'
  ...
# Subtest: idle replacement: rejects expected-getter capability shape before any accessor or publication
ok 12 - idle replacement: rejects expected-getter capability shape before any accessor or publication
  ---
  duration_ms: 3.9394
  type: 'test'
  ...
# Subtest: idle replacement: rejects callback-getter capability shape before any accessor or publication
ok 13 - idle replacement: rejects callback-getter capability shape before any accessor or publication
  ---
  duration_ms: 4.8032
  type: 'test'
  ...
# Subtest: idle replacement: rejects async-check capability shape before any accessor or publication
ok 14 - idle replacement: rejects async-check capability shape before any accessor or publication
  ---
  duration_ms: 4.0364
  type: 'test'
  ...
# Subtest: idle replacement: rejects async-publish capability shape before any accessor or publication
ok 15 - idle replacement: rejects async-publish capability shape before any accessor or publication
  ---
  duration_ms: 4.5159
  type: 'test'
  ...
# Subtest: idle replacement: rejects generator-check capability shape before any accessor or publication
ok 16 - idle replacement: rejects generator-check capability shape before any accessor or publication
  ---
  duration_ms: 3.8661
  type: 'test'
  ...
# Subtest: idle replacement: rejects generator-publish capability shape before any accessor or publication
ok 17 - idle replacement: rejects generator-publish capability shape before any accessor or publication
  ---
  duration_ms: 4.4031
  type: 'test'
  ...
# Subtest: idle replacement: rejects missing-token capability shape before any accessor or publication
ok 18 - idle replacement: rejects missing-token capability shape before any accessor or publication
  ---
  duration_ms: 4.6762
  type: 'test'
  ...
# Subtest: idle replacement: rejects object-epoch capability shape before any accessor or publication
ok 19 - idle replacement: rejects object-epoch capability shape before any accessor or publication
  ---
  duration_ms: 3.8835
  type: 'test'
  ...
# Subtest: idle replacement: rejects extra capability shape before any accessor or publication
ok 20 - idle replacement: rejects extra capability shape before any accessor or publication
  ---
  duration_ms: 3.8642
  type: 'test'
  ...
# Subtest: idle replacement: actual namespace binding cannot be replaced by caller claims
ok 21 - idle replacement: actual namespace binding cannot be replaced by caller claims
  ---
  duration_ms: 4.4082
  type: 'test'
  ...
# Subtest: idle replacement: actual athleteId binding cannot be replaced by caller claims
ok 22 - idle replacement: actual athleteId binding cannot be replaced by caller claims
  ---
  duration_ms: 4.0986
  type: 'test'
  ...
# Subtest: idle replacement: actual deviceId binding cannot be replaced by caller claims
ok 23 - idle replacement: actual deviceId binding cannot be replaced by caller claims
  ---
  duration_ms: 4.3739
  type: 'test'
  ...
# Subtest: idle replacement: actual sessionEpoch binding cannot be replaced by caller claims
ok 24 - idle replacement: actual sessionEpoch binding cannot be replaced by caller claims
  ---
  duration_ms: 4.6517
  type: 'test'
  ...
# Subtest: idle replacement: actual observationEpoch binding cannot be replaced by caller claims
ok 25 - idle replacement: actual observationEpoch binding cannot be replaced by caller claims
  ---
  duration_ms: 4.0241
  type: 'test'
  ...
# Subtest: idle replacement: actual revision binding cannot be replaced by caller claims
ok 26 - idle replacement: actual revision binding cannot be replaced by caller claims
  ---
  duration_ms: 3.8522
  type: 'test'
  ...
# Subtest: idle replacement: actual token binding cannot be replaced by caller claims
ok 27 - idle replacement: actual token binding cannot be replaced by caller claims
  ---
  duration_ms: 4.6782
  type: 'test'
  ...
# Subtest: idle replacement: active-today history never proves idle
ok 28 - idle replacement: active-today history never proves idle
  ---
  duration_ms: 6.4307
  type: 'test'
  ...
# Subtest: idle replacement: unfinished-earlier history never proves idle
ok 29 - idle replacement: unfinished-earlier history never proves idle
  ---
  duration_ms: 6.8556
  type: 'test'
  ...
# Subtest: idle replacement: legacy-closed history never proves idle
ok 30 - idle replacement: legacy-closed history never proves idle
  ---
  duration_ms: 14.8166
  type: 'test'
  ...
# Subtest: idle replacement: other-device-closed history never proves idle
ok 31 - idle replacement: other-device-closed history never proves idle
  ---
  duration_ms: 17.4718
  type: 'test'
  ...
# Subtest: idle replacement: rejected-start history never proves idle
ok 32 - idle replacement: rejected-start history never proves idle
  ---
  duration_ms: 13.5398
  type: 'test'
  ...
# Subtest: idle replacement: rejected-close history never proves idle
ok 33 - idle replacement: rejected-close history never proves idle
  ---
  duration_ms: 11.7703
  type: 'test'
  ...
# Subtest: idle replacement: unproved-local history never proves idle
ok 34 - idle replacement: unproved-local history never proves idle
  ---
  duration_ms: 7.6919
  type: 'test'
  ...
# Subtest: idle replacement: unproved-signature history never proves idle
ok 35 - idle replacement: unproved-signature history never proves idle
  ---
  duration_ms: 7.8282
  type: 'test'
  ...
# Subtest: idle replacement: unresolved-edit history never proves idle
ok 36 - idle replacement: unresolved-edit history never proves idle
  ---
  duration_ms: 13.7944
  type: 'test'
  ...
# Subtest: idle replacement: unproved-prefix history never proves idle
ok 37 - idle replacement: unproved-prefix history never proves idle
  ---
  duration_ms: 8.5385
  type: 'test'
  ...
# Subtest: idle replacement: a previously queued history read refuses replacement even after that read completes
ok 38 - idle replacement: a previously queued history read refuses replacement even after that read completes
  ---
  duration_ms: 4.6768
  type: 'test'
  ...
# Subtest: idle replacement: Start queued during initial-read keeps its original scheduling and result
ok 39 - idle replacement: Start queued during initial-read keeps its original scheduling and result
  ---
  duration_ms: 4.6897
  type: 'test'
  ...
# Subtest: idle replacement: edit queued during initial-read keeps its original scheduling and result
ok 40 - idle replacement: edit queued during initial-read keeps its original scheduling and result
  ---
  duration_ms: 13.7192
  type: 'test'
  ...
# Subtest: idle replacement: Start queued during verification keeps its original scheduling and result
ok 41 - idle replacement: Start queued during verification keeps its original scheduling and result
  ---
  duration_ms: 4.5372
  type: 'test'
  ...
# Subtest: idle replacement: edit queued during verification keeps its original scheduling and result
ok 42 - idle replacement: edit queued during verification keeps its original scheduling and result
  ---
  duration_ms: 13.8549
  type: 'test'
  ...
# Subtest: idle replacement: Start queued during final-read keeps its original scheduling and result
ok 43 - idle replacement: Start queued during final-read keeps its original scheduling and result
  ---
  duration_ms: 5.8681
  type: 'test'
  ...
# Subtest: idle replacement: edit queued during final-read keeps its original scheduling and result
ok 44 - idle replacement: edit queued during final-read keeps its original scheduling and result
  ---
  duration_ms: 15.0346
  type: 'test'
  ...
# Subtest: idle replacement: Start queued during guard-exit keeps its original scheduling and result
ok 45 - idle replacement: Start queued during guard-exit keeps its original scheduling and result
  ---
  duration_ms: 5.2927
  type: 'test'
  ...
# Subtest: idle replacement: edit queued during guard-exit keeps its original scheduling and result
ok 46 - idle replacement: edit queued during guard-exit keeps its original scheduling and result
  ---
  duration_ms: 14.4625
  type: 'test'
  ...
# Subtest: idle replacement: revision changing during initial-read refuses before publication
ok 47 - idle replacement: revision changing during initial-read refuses before publication
  ---
  duration_ms: 2.994
  type: 'test'
  ...
# Subtest: idle replacement: token changing during initial-read refuses before publication
ok 48 - idle replacement: token changing during initial-read refuses before publication
  ---
  duration_ms: 2.7058
  type: 'test'
  ...
# Subtest: idle replacement: session changing during initial-read refuses before publication
ok 49 - idle replacement: session changing during initial-read refuses before publication
  ---
  duration_ms: 3.7474
  type: 'test'
  ...
# Subtest: idle replacement: observation changing during initial-read refuses before publication
ok 50 - idle replacement: observation changing during initial-read refuses before publication
  ---
  duration_ms: 4.1303
  type: 'test'
  ...
# Subtest: idle replacement: revision changing during verification refuses before publication
ok 51 - idle replacement: revision changing during verification refuses before publication
  ---
  duration_ms: 3.147
  type: 'test'
  ...
# Subtest: idle replacement: token changing during verification refuses before publication
ok 52 - idle replacement: token changing during verification refuses before publication
  ---
  duration_ms: 3.6945
  type: 'test'
  ...
# Subtest: idle replacement: session changing during verification refuses before publication
ok 53 - idle replacement: session changing during verification refuses before publication
  ---
  duration_ms: 4.8897
  type: 'test'
  ...
# Subtest: idle replacement: observation changing during verification refuses before publication
ok 54 - idle replacement: observation changing during verification refuses before publication
  ---
  duration_ms: 4.0689
  type: 'test'
  ...
# Subtest: idle replacement: revision changing during final-read refuses before publication
not ok 55 - idle replacement: revision changing during final-read refuses before publication
  ---
  duration_ms: 4.2424
  type: 'test'
  location: 'C:\\Users\\joeym\\Documents\\prepledger-dev\\work\\pm-caretaker\\e-idle-client-foundation\\rebuild\\m3\\w6\\test\\prepared-workout.test.mjs:1096:130'
  failureType: 'testCodeFailure'
  error: |-
    {"replaced":true,"stored":false,"durable":false,"sourceRevision":1}
    
    true !== false
    
  code: 'ERR_ASSERTION'
  name: 'AssertionError'
  expected: false
  actual: true
  operator: 'strictEqual'
  stack: |-
    TestContext.<anonymous> (file:///C:/Users/joeym/Documents/prepledger-dev/work/pm-caretaker/e-idle-client-foundation/rebuild/m3/w6/test/prepared-workout.test.mjs:1106:10)
    async Test.run (node:internal/test_runner/test:1054:7)
    async Test.processPendingSubtests (node:internal/test_runner/test:744:7)
  ...
# Subtest: idle replacement: token changing during final-read refuses before publication
not ok 56 - idle replacement: token changing during final-read refuses before publication
  ---
  duration_ms: 4.0264
  type: 'test'
  location: 'C:\\Users\\joeym\\Documents\\prepledger-dev\\work\\pm-caretaker\\e-idle-client-foundation\\rebuild\\m3\\w6\\test\\prepared-workout.test.mjs:1096:130'
  failureType: 'testCodeFailure'
  error: |-
    {"replaced":true,"stored":false,"durable":false,"sourceRevision":1}
    
    true !== false
    
  code: 'ERR_ASSERTION'
  name: 'AssertionError'
  expected: false
  actual: true
  operator: 'strictEqual'
  stack: |-
    TestContext.<anonymous> (file:///C:/Users/joeym/Documents/prepledger-dev/work/pm-caretaker/e-idle-client-foundation/rebuild/m3/w6/test/prepared-workout.test.mjs:1106:10)
    async Test.run (node:internal/test_runner/test:1054:7)
    async Test.processPendingSubtests (node:internal/test_runner/test:744:7)
  ...
# Subtest: idle replacement: session changing during final-read refuses before publication
ok 57 - idle replacement: session changing during final-read refuses before publication
  ---
  duration_ms: 4.9728
  type: 'test'
  ...
# Subtest: idle replacement: observation changing during final-read refuses before publication
ok 58 - idle replacement: observation changing during final-read refuses before publication
  ---
  duration_ms: 5.6448
  type: 'test'
  ...
# Subtest: idle replacement: observation guard throws-after never publishes
ok 59 - idle replacement: observation guard throws-after never publishes
  ---
  duration_ms: 5.1095
  type: 'test'
  ...
# Subtest: idle replacement: observation guard omits never publishes
ok 60 - idle replacement: observation guard omits never publishes
  ---
  duration_ms: 3.5069
  type: 'test'
  ...
# Subtest: idle replacement: observation guard twice never publishes
ok 61 - idle replacement: observation guard twice never publishes
  ---
  duration_ms: 4.494
  type: 'test'
  ...
# Subtest: idle replacement: synchronous currentness reentrancy cannot publish ahead of a queued Start
ok 62 - idle replacement: synchronous currentness reentrancy cannot publish ahead of a queued Start
  ---
  duration_ms: 5.3939
  type: 'test'
  ...
# Subtest: idle replacement: synchronous preparations invalidation changes the private fence
ok 63 - idle replacement: synchronous preparations invalidation changes the private fence
  ---
  duration_ms: 2.927
  type: 'test'
  ...
# Subtest: idle replacement: synchronous history invalidation changes the private fence
ok 64 - idle replacement: synchronous history invalidation changes the private fence
  ---
  duration_ms: 4.8462
  type: 'test'
  ...
# Subtest: idle replacement: unknown Start retains same-handle authenticated retry without a second Start
ok 65 - idle replacement: unknown Start retains same-handle authenticated retry without a second Start
  ---
  duration_ms: 7.9757
  type: 'test'
  ...
# Subtest: idle replacement: unknown edit write remains fenced after finally unrelated success and read
ok 66 - idle replacement: unknown edit write remains fenced after finally unrelated success and read
  ---
  duration_ms: 22.3011
  type: 'test'
  ...
# Subtest: idle replacement: unknown resume write remains fenced after finally unrelated success and read
ok 67 - idle replacement: unknown resume write remains fenced after finally unrelated success and read
  ---
  duration_ms: 51.0794
  type: 'test'
  ...
# Subtest: idle replacement: unknown general-close write remains fenced after finally unrelated success and read
ok 68 - idle replacement: unknown general-close write remains fenced after finally unrelated success and read
  ---
  duration_ms: 14.4465
  type: 'test'
  ...
# Subtest: idle replacement: a known aborted edit does not create a false unknown-write fence
ok 69 - idle replacement: a known aborted edit does not create a false unknown-write fence
  ---
  duration_ms: 13.8466
  type: 'test'
  ...
1..69
# tests 69
# suites 0
# pass 67
# fail 2
# cancelled 0
# skipped 0
# todo 0
# duration_ms 717.7684
