TAP version 13
# Subtest: idle replacement: publisher throw-before is unknown publication without rolling back external effects
ok 1 - idle replacement: publisher throw-before is unknown publication without rolling back external effects
  ---
  duration_ms: 28.9681
  type: 'test'
  ...
# Subtest: idle replacement: publisher assign-throw is unknown publication without rolling back external effects
ok 2 - idle replacement: publisher assign-throw is unknown publication without rolling back external effects
  ---
  duration_ms: 9.1066
  type: 'test'
  ...
# Subtest: idle replacement: publisher assign-promise is unknown publication without rolling back external effects
ok 3 - idle replacement: publisher assign-promise is unknown publication without rolling back external effects
  ---
  duration_ms: 9.1501
  type: 'test'
  ...
# Subtest: idle replacement: publisher assign-value is unknown publication without rolling back external effects
ok 4 - idle replacement: publisher assign-value is unknown publication without rolling back external effects
  ---
  duration_ms: 8.8355
  type: 'test'
  ...
1..4
# tests 4
# suites 0
# pass 4
# fail 0
# cancelled 0
# skipped 0
# todo 0
# duration_ms 220.4014
