TAP version 13
# Subtest: idle replacement: publisher throw-before is unknown publication without rolling back external effects
not ok 1 - idle replacement: publisher throw-before is unknown publication without rolling back external effects
  ---
  duration_ms: 24.7495
  type: 'test'
  location: 'C:\\Users\\joeym\\Documents\\prepledger-dev\\work\\pm-caretaker\\e-idle-client-foundation\\rebuild\\m3\\w6\\test\\prepared-workout.test.mjs:1015:84'
  failureType: 'testCodeFailure'
  error: |-
    {"replaced":true,"stored":false,"durable":false,"sourceRevision":1}
    
    true !== false
    
  code: 'ERR_ASSERTION'
  name: 'AssertionError'
  expected: false
  actual: true
  operator: 'strictEqual'
  stack: |-
    expectReplacementRefused (file:///C:/Users/joeym/Documents/prepledger-dev/work/pm-caretaker/e-idle-client-foundation/rebuild/m3/w6/test/prepared-workout.test.mjs:971:9)
    async TestContext.<anonymous> (file:///C:/Users/joeym/Documents/prepledger-dev/work/pm-caretaker/e-idle-client-foundation/rebuild/m3/w6/test/prepared-workout.test.mjs:1022:17)
    async Test.run (node:internal/test_runner/test:1054:7)
    async startSubtestAfterBootstrap (node:internal/test_runner/harness:296:3)
  ...
# Subtest: idle replacement: publisher assign-throw is unknown publication without rolling back external effects
not ok 2 - idle replacement: publisher assign-throw is unknown publication without rolling back external effects
  ---
  duration_ms: 8.7204
  type: 'test'
  location: 'C:\\Users\\joeym\\Documents\\prepledger-dev\\work\\pm-caretaker\\e-idle-client-foundation\\rebuild\\m3\\w6\\test\\prepared-workout.test.mjs:1015:84'
  failureType: 'testCodeFailure'
  error: |-
    {"replaced":true,"stored":false,"durable":false,"sourceRevision":1}
    
    true !== false
    
  code: 'ERR_ASSERTION'
  name: 'AssertionError'
  expected: false
  actual: true
  operator: 'strictEqual'
  stack: |-
    expectReplacementRefused (file:///C:/Users/joeym/Documents/prepledger-dev/work/pm-caretaker/e-idle-client-foundation/rebuild/m3/w6/test/prepared-workout.test.mjs:971:9)
    async TestContext.<anonymous> (file:///C:/Users/joeym/Documents/prepledger-dev/work/pm-caretaker/e-idle-client-foundation/rebuild/m3/w6/test/prepared-workout.test.mjs:1022:17)
    async Test.run (node:internal/test_runner/test:1054:7)
    async Test.processPendingSubtests (node:internal/test_runner/test:744:7)
  ...
# Subtest: idle replacement: publisher assign-promise is unknown publication without rolling back external effects
not ok 3 - idle replacement: publisher assign-promise is unknown publication without rolling back external effects
  ---
  duration_ms: 8.1293
  type: 'test'
  location: 'C:\\Users\\joeym\\Documents\\prepledger-dev\\work\\pm-caretaker\\e-idle-client-foundation\\rebuild\\m3\\w6\\test\\prepared-workout.test.mjs:1015:84'
  failureType: 'testCodeFailure'
  error: |-
    {"replaced":true,"stored":false,"durable":false,"sourceRevision":1}
    
    true !== false
    
  code: 'ERR_ASSERTION'
  name: 'AssertionError'
  expected: false
  actual: true
  operator: 'strictEqual'
  stack: |-
    expectReplacementRefused (file:///C:/Users/joeym/Documents/prepledger-dev/work/pm-caretaker/e-idle-client-foundation/rebuild/m3/w6/test/prepared-workout.test.mjs:971:9)
    async TestContext.<anonymous> (file:///C:/Users/joeym/Documents/prepledger-dev/work/pm-caretaker/e-idle-client-foundation/rebuild/m3/w6/test/prepared-workout.test.mjs:1022:17)
    async Test.run (node:internal/test_runner/test:1054:7)
    async Test.processPendingSubtests (node:internal/test_runner/test:744:7)
  ...
# Subtest: idle replacement: publisher assign-value is unknown publication without rolling back external effects
not ok 4 - idle replacement: publisher assign-value is unknown publication without rolling back external effects
  ---
  duration_ms: 9.2278
  type: 'test'
  location: 'C:\\Users\\joeym\\Documents\\prepledger-dev\\work\\pm-caretaker\\e-idle-client-foundation\\rebuild\\m3\\w6\\test\\prepared-workout.test.mjs:1015:84'
  failureType: 'testCodeFailure'
  error: |-
    {"replaced":true,"stored":false,"durable":false,"sourceRevision":1}
    
    true !== false
    
  code: 'ERR_ASSERTION'
  name: 'AssertionError'
  expected: false
  actual: true
  operator: 'strictEqual'
  stack: |-
    expectReplacementRefused (file:///C:/Users/joeym/Documents/prepledger-dev/work/pm-caretaker/e-idle-client-foundation/rebuild/m3/w6/test/prepared-workout.test.mjs:971:9)
    async TestContext.<anonymous> (file:///C:/Users/joeym/Documents/prepledger-dev/work/pm-caretaker/e-idle-client-foundation/rebuild/m3/w6/test/prepared-workout.test.mjs:1022:17)
    async Test.run (node:internal/test_runner/test:1054:7)
    async Test.processPendingSubtests (node:internal/test_runner/test:744:7)
  ...
1..4
# tests 4
# suites 0
# pass 0
# fail 4
# cancelled 0
# skipped 0
# todo 0
# duration_ms 187.0461
