TAP version 13
# Subtest: missing target objects stay unknown while the supplied workout survives
not ok 1 - missing target objects stay unknown while the supplied workout survives
  ---
  duration_ms: 1.9513
  type: 'test'
  location: 'C:\\Users\\joeym\\Documents\\prepledger-dev\\work\\pm-caretaker\\science-coach-corrections-c\\rebuild\\coach\\test\\science-correction-contract.test.cjs:18:1'
  failureType: 'testCodeFailure'
  error: "Cannot read properties of undefined (reading 'lo')"
  code: 'ERR_TEST_FAILURE'
  name: 'TypeError'
  stack: |-
    today_plan (C:\Users\joeym\Documents\prepledger-dev\work\pm-caretaker\science-coach-corrections-c\rebuild\coach\tools.cjs:420:59)
    bound.<computed> [as today_plan] (C:\Users\joeym\Documents\prepledger-dev\work\pm-caretaker\science-coach-corrections-c\rebuild\coach\tools.cjs:908:55)
    TestContext.<anonymous> (C:\Users\joeym\Documents\prepledger-dev\work\pm-caretaker\science-coach-corrections-c\rebuild\coach\test\science-correction-contract.test.cjs:20:34)
    Test.runInAsyncScope (node:async_hooks:214:14)
    Test.run (node:internal/test_runner/test:1047:25)
    Test.start (node:internal/test_runner/test:944:17)
    startSubtestAfterBootstrap (node:internal/test_runner/harness:296:17)
  ...
1..1
# tests 1
# suites 0
# pass 0
# fail 1
# cancelled 0
# skipped 0
# todo 0
# duration_ms 105.9413
