TAP version 13
# Subtest: real build: failure in second build retains old outputs and the first new bundle as evidence
not ok 1 - real build: failure in second build retains old outputs and the first new bundle as evidence
  ---
  duration_ms: 1230.3672
  type: 'test'
  location: 'C:\\Users\\joeym\\Documents\\prepledger-dev\\work\\pm-caretaker\\frozen-build-setup\\rebuild\\conform\\engines\\test\\build-engines.test.mjs:74:1'
  failureType: 'testCodeFailure'
  error: |-
    Expected values to be strictly equal:
    + actual - expected
    
    + 'var __create = Object.create;\n' +
    +   'var __defProp = Object.defineProperty;\n' +
    +   'var __getOwnPropDesc = Object.getOwnPropertyDescriptor;\n' +
    +   'var __getOwnPropNames = Object.getOwnPropertyNames;\n' +
    +   'var __getProtoOf = Object.getPrototypeOf;\n' +
    +   'var __hasOwnProp = Object.prototype.hasOwnProperty;\n' +
    +   'var __commonJS = (cb, mod) => function __require() {\n' +
    +   '  try {\n' +
    +   '    return mod || (0, cb[__getOwnPropNames(cb)[0]])((mod = { exports: {} }).exports, mod), mod.exports;\n' +
    +   '  } catch (e) {\n' +
    +   '    throw mod = 0, e;\n' +
    +   '  }\n' +
    +   '};\n' +
    +   'var __export = (target, all) => {\n' +
    +   '  for (var name in all)\n' +
    +   '    __defProp(target, name, { get: all[name], enumerable: true });\n' +
    +   '};\n' +
    +   'var __copyProps = (to, from, except, desc) => {\n' +
    +   '  if (from && typeof from === "object" || typeof from === "function") {\n' +
    +   '    for (let key of __getOwnPropNames(from))\n' +
    +   '      if (!__hasOwnProp.call(to, key) && key !== except)\n' +
    +   '        __defProp(to, key, { get: () => from[key], enumerable: !(desc = __getOwnPropDesc(from, key)) || desc.enumerable });\n' +
    +   '  }\n' +
    +   '  return to;\n' +
    +   '};\n' +
    +   'var __toESM = (mod, isNodeMode, target) => (target = mod != null ? __create(__getProtoOf(mod)) : {}, __copyProps(\n' +
    +   '  // If the importer is in node compatibility mode or this is not an ESM\n' +
    +   '  // file that has been converted to a CommonJS file using a Babel-\n' +
    +   '  // compatible transform (i.e. "__esModule" has not been set), then set\n' +
    +   '  // "default" to the CommonJS "module.exports" for node compatibility.\n' +
    +   '  isNodeMode || !mod || !mod.__esModule ? __defProp(target, "default", { value: mod, enumerable: true }) : target,\n' +
    +   '  mod\n' +
    +   '));\n' +
    +   'var __toCommonJS = (mod) => __copyProps(__defProp({}, "__esModule", { value: true }), mod);\n' +
    +   '\n' +
    +   '// ../../../node_modules/synthetic-root-only/index.js\n' +
    +   'var require_synthetic_root_only = __commonJS({\n' +
    +   '  "../../../node_modules/synthetic-root-only/index.js"(exports2, module2) {\n' +
    +   '    module2.exports = "INVENTED-ROOT-NODE-PATH";\n' +
    +   '  }\n' +
    +   '});\n' +
    +   '\n' +
    +   '// tools/_engine-entry.mjs\n' +
    +   'var engine_entry_exports = {};\n' +
    +   '__export(engine_entry_exports, {\n' +
    +   '  __test: () => __test\n' +
    +   '});\n' +
    +   'module.exports = __toCommonJS(engine_entry_exports);\n' +
    +   '\n' +
    +   '// tools/_fixed-now.mjs\n' +
    +   'globalThis.__syntheticFixedNow = "INVENTED-CLOCK";\n' +
    +   '\n' +
    +   '// src/app.jsx\n' +
    +   'var import_node_path = __toESM(require("node:path"));\n' +
    +   'var import_synthetic_root_only = __toESM(require_synthetic_root_only());\n' +
    +   'var __test = { label: "main", clock: globalThis.__syntheticFixedNow, rootOnly: import_synthetic_root_only.default, node: import_node_path.default.basename("/a/b") };\n' +
    +   '// Annotate the CommonJS export names for ESM import in node:\n' +
    +   '0 && (module.exports = {\n' +
    +   '  __test\n' +
    +   '});\n'
    - 'PREVIOUS MAIN'
    
  code: 'ERR_ASSERTION'
  name: 'AssertionError'
  expected: 'PREVIOUS MAIN'
  actual: |-
    var __create = Object.create;
    var __defProp = Object.defineProperty;
    var __getOwnPropDesc = Object.getOwnPropertyDescriptor;
    var __getOwnPropNames = Object.getOwnPropertyNames;
    var __getProtoOf = Object.getPrototypeOf;
    var __hasOwnProp = Object.prototype.hasOwnProperty;
    var __commonJS = (cb, mod) => function __require() {
      try {
        return mod || (0, cb[__getOwnPropNames(cb)[0]])((mod = { exports: {} }).exports, mod), mod.exports;
      } catch (e) {
        throw mod = 0, e;
      }
    };
    var __export = (target, all) => {
      for (var name in all)
        __defProp(target, name, { get: all[name], enumerable: true });
    };
    var __copyProps = (to, from, except, desc) => {
      if (from && typeof from === "object" || typeof from === "function") {
        for (let key of __getOwnPropNames(from))
          if (!__hasOwnProp.call(to, key) && key !== except)
            __defProp(to, key, { get: () => from[key], enumerable: !(desc = __getOwnPropDesc(from, key)) || desc.enumerable });
      }
      return to;
    };
    var __toESM = (mod, isNodeMode, target) => (target = mod != null ? __create(__getProtoOf(mod)) : {}, __copyProps(
      // If the importer is in node compatibility mode or this is not an ESM
      // file that has been converted to a CommonJS file using a Babel-
      // compatible transform (i.e. "__esModule" has not been set), then set
      // "default" to the CommonJS "module.exports" for node compatibility.
      isNodeMode || !mod || !mod.__esModule ? __defProp(target, "default", { value: mod, enumerable: true }) : target,
      mod
    ));
    var __toCommonJS = (mod) => __copyProps(__defProp({}, "__esModule", { value: true }), mod);
    
    // ../../../node_modules/synthetic-root-only/index.js
    var require_synthetic_root_only = __commonJS({
      "../../../node_modules/synthetic-root-only/index.js"(exports2, module2) {
        module2.exports = "INVENTED-ROOT-NODE-PATH";
      }
    });
    
    // tools/_engine-entry.mjs
    var engine_entry_exports = {};
    __export(engine_entry_exports, {
      __test: () => __test
    });
    module.exports = __toCommonJS(engine_entry_exports);
    
    // tools/_fixed-now.mjs
    globalThis.__syntheticFixedNow = "INVENTED-CLOCK";
    
    // src/app.jsx
    var import_node_path = __toESM(require("node:path"));
    var import_synthetic_root_only = __toESM(require_synthetic_root_only());
    var __test = { label: "main", clock: globalThis.__syntheticFixedNow, rootOnly: import_synthetic_root_only.default, node: import_node_path.default.basename("/a/b") };
    // Annotate the CommonJS export names for ESM import in node:
    0 && (module.exports = {
      __test
    });
    
  operator: 'strictEqual'
  stack: |-
    TestContext.<anonymous> (file:///C:/Users/joeym/Documents/prepledger-dev/work/pm-caretaker/frozen-build-setup/rebuild/conform/engines/test/build-engines.test.mjs:77:131)
    process.processTicksAndRejections (node:internal/process/task_queues:103:5)
    async Test.run (node:internal/test_runner/test:1054:7)
    async startSubtestAfterBootstrap (node:internal/test_runner/harness:296:3)
  ...
1..1
# tests 1
# suites 0
# pass 0
# fail 1
# cancelled 0
# skipped 0
# todo 0
# duration_ms 1286.6196
