TAP version 13
# Subtest: D2 I1 complete closed history preserves every stored byte and waits for real completion
ok 1 - D2 I1 complete closed history preserves every stored byte and waits for real completion
  ---
  duration_ms: 34.6574
  type: 'test'
  ...
# Subtest: D2 I2 earlier ciphertext-only changed head defeats same revision namespace and IV claims
ok 2 - D2 I2 earlier ciphertext-only changed head defeats same revision namespace and IV claims
  ---
  duration_ms: 15.2985
  type: 'test'
  ...
# Subtest: D2 I3 aborted earlier writer leaves the actual old head usable for publication
not ok 3 - D2 I3 aborted earlier writer leaves the actual old head usable for publication
  ---
  duration_ms: 6.0499
  type: 'test'
  location: 'C:\\Users\\joeym\\Documents\\prepledger-dev\\work\\pm-caretaker\\d2-idle-client-foundation\\.tmp\\d2-controls.mjs:116:1'
  failureType: 'testCodeFailure'
  error: |-
    The expression evaluated to a falsy value:
    
      assert(f.db.s.events.indexOf('writer-abort')<f.db.s.events.indexOf('head-read'))
    
  code: 'ERR_ASSERTION'
  name: 'AssertionError'
  expected: true
  actual: false
  operator: '=='
  stack: |-
    TestContext.<anonymous> (file:///C:/Users/joeym/Documents/prepledger-dev/work/pm-caretaker/d2-idle-client-foundation/.tmp/d2-controls.mjs:121:46)
    async Test.run (node:internal/test_runner/test:1054:7)
    async Test.processPendingSubtests (node:internal/test_runner/test:744:7)
  ...
# Subtest: D2 I4 later independent writer waits and the next client still rejects its stale preparation
ok 4 - D2 I4 later independent writer waits and the next client still rejects its stale preparation
  ---
  duration_ms: 8.191
  type: 'test'
  ...
# Subtest: D2 I5 currentness reentrant Start is ordinary refusal and retains original command outcome
ok 5 - D2 I5 currentness reentrant Start is ordinary refusal and retains original command outcome
  ---
  duration_ms: 8.1812
  type: 'test'
  ...
# Subtest: D2 I6 publisher reentrancy has explicit unknown effects while queued original commands survive
ok 6 - D2 I6 publisher reentrancy has explicit unknown effects while queued original commands survive
  ---
  duration_ms: 8.7834
  type: 'test'
  ...
# Subtest: D2 I7 lost general workout reply keeps replacement fenced through later acknowledged work
ok 7 - D2 I7 lost general workout reply keeps replacement fenced through later acknowledged work
  ---
  duration_ms: 19.7556
  type: 'test'
  ...
# Subtest: D2 I8 abort in the post-read microtask cannot revive a published old handle
ok 8 - D2 I8 abort in the post-read microtask cannot revive a published old handle
  ---
  duration_ms: 3.8659
  type: 'test'
  ...
# Subtest: D2 I8 close in the post-read microtask cannot revive a published old handle
ok 9 - D2 I8 close in the post-read microtask cannot revive a published old handle
  ---
  duration_ms: 3.8433
  type: 'test'
  ...
1..9
# tests 9
# suites 0
# pass 8
# fail 1
# cancelled 0
# skipped 0
# todo 0
# duration_ms 265.3069
