TAP version 13
# Subtest: D2 I5 currentness reentrant Start is ordinary refusal and retains original command outcome
not ok 1 - D2 I5 currentness reentrant Start is ordinary refusal and retains original command outcome
  ---
  duration_ms: 26.3287
  type: 'test'
  location: 'C:\\Users\\joeym\\Documents\\prepledger-dev\\work\\pm-caretaker\\d2-idle-client-foundation\\.tmp\\d2-controls.mjs:137:1'
  failureType: 'testCodeFailure'
  error: |-
    reentrant queue change must be caught before publication
    + actual - expected
    
    + 'WORKOUT_REPLACEMENT_PUBLICATION_UNKNOWN'
    - 'WORKOUT_REPLACEMENT_BUSY'
                           ^
    
  code: 'ERR_ASSERTION'
  name: 'AssertionError'
  expected: 'WORKOUT_REPLACEMENT_BUSY'
  actual: 'WORKOUT_REPLACEMENT_PUBLICATION_UNKNOWN'
  operator: 'strictEqual'
  stack: |-
    TestContext.<anonymous> (file:///C:/Users/joeym/Documents/prepledger-dev/work/pm-caretaker/d2-idle-client-foundation/.tmp/d2-controls.mjs:140:10)
    runNextTicks (node:internal/process/task_queues:64:5)
    process.processImmediate (node:internal/timers:452:9)
    async Test.run (node:internal/test_runner/test:1054:7)
    async startSubtestAfterBootstrap (node:internal/test_runner/harness:296:3)
  ...
1..1
# tests 1
# suites 0
# pass 0
# fail 1
# cancelled 0
# skipped 0
# todo 0
# duration_ms 149.2713
