== T1 — an UNVERIFIABLE miss created a stub before new_submission_authorized
   v1.33: STUB | v1.34: REFUSED
PASS — v1.33: the verification branch created a transport-keyed stub for the REMOVED credential because r2 is PRESENT with RECORD — SOURCE_ITEM_UNREADABLE for cell d entered the ledger from unauthorized input
PASS — v1.34: verification returns UNVERIFIABLE and commits nothing; the content lookup is NOT_APPLICABLE; the miss meets new_submission_authorized (false: C1 revoked, bound to incarnation 1) → REFUSED with no durable state
PASS — v1.34: an authorized principal's unverifiable miss still yields the transport-keyed rejection-stub group (the stub is created at the door step, never inside verification)

== T2 — re-registration with the same feed version: incarnation rule
   v1.33 implementation A (same identity flipped back): floor 2,001 | implementation B (fresh route): ABSTAIN
PASS — v1.33: two implementations satisfy the epoch rule and give different floors — A's currentness depends on whether r1's identity may become PRESENT again
   v1.34: A stamped inst 1 → ABSTAIN | current_submission_route_id = 2 (version 7 again, instance never reused)
PASS — v1.34: A stays stale (its incarnation is terminally REMOVED); the re-registration is a fresh incarnation 2 even at feed version 7; the selector is total
PASS — v1.34: the credential and the expected tuple bind to incarnation 2 exactly; only a NEW source_item_id under it can become current (a content replay keeps its historical stamp)
PASS — v1.34: active false → true is the only same-incarnation reactivation

== T3 — the closed registry-defect enum has no presence defect; cardinality ranges over which set?
   v1.33 malformed presence: {"includeAsPresent":"PRESENT (evidence governs)","excludeAsRemoved":"REMOVED (stale)","reject":"no legal defect code"}
PASS — v1.33: three readers, three outcomes, and the reducer that wants to reject has no defect to raise
PASS — v1.34: REGISTRATION_PRESENCE_MISSING_OR_INVALID {identity | position} is in the closed enum — one outcome: PRODUCER_REGISTRY_INVALID
   D14.1 active cardinality over all retained registrations: 2 | over PRESENT only: 1
PASS — v1.34: P0a membership, phase / cardinality defects and 'any registration exists' range over PRESENT registrations only — the retained historical incarnation no longer breaks the ONE-active-D14.1 rule
PASS — v1.34: a missing or malformed credential_state, epoch, cutoff or current-submission-route field fails every authorization predicate closed and forbids an exact response

== T4 — exact-response release vs revocation: linearized, with a refusal that has no group
   v1.33: check-ok(e1) → revocation-commits(e2) → release: receipt 7 · STORED
PASS — v1.33: 'immediately before release' still lets the revocation commit between the check and the hand-off — the revoked credential receives the exact receipt
   v1.34 release→revoke: ["EXACT handed to transport","revocation(e2)"] | revoke→release: ["revocation(e2)","ENVELOPE"]
PASS — v1.34: release wins ⇒ the exact reply is irrevocably handed to transport before the revocation completes; revocation wins ⇒ the envelope — selected by registry state at the linearization point
PASS — v1.34: completion prerequisites are distinguished — a refusal has no group to wait for
PASS — v1.34: queued exact replies are drained (handed to transport) before the revocation completes, or cancelled and replaced by the envelope

15 passed, 0 failed
