  valOr-raw                   caught-by: law (convergence)                          the equal-stamp tie compares raw JSON.stringify again, so absent is unorderable and the base always wins
  union-drops-remote          caught-by: law (correction-survival + non-shrink; also convergence, session-superset)the corrLog union reads only one side — a correction one device filed is gone and the ledger shrinks
  replay-disabled             caught-by: pin (LAW a, LAW a3, LAW b)                 the union is carried but never replayed
  base-votes                  caught-by: law (session-superset)                     the base stops accumulating — a lift only one side had is gone and the date's count shrinks
  idempotence-normalizes-forevercaught-by: law (idempotence; also associativity)      the plan normalizer re-stamps on every merge, so merge(A,A) never reaches a fixed point
  athlete-word-ignored        caught-by: law (athlete-word-priority)                the reconciler adopts even when the athlete's own stamp is newer than the correction's
  receipt-names-the-old-load  caught-by: law (receipt-truth)                        the reconciliation receipt names the load being replaced instead of the one written
  merge-self-reorders         caught-by: law (session-fixed-point; also idempotence, merge-fixed-point)the identical-bodies short-circuit is dropped, so a merge with oneself replays and id-sorts a record both sides already agree on
  boot-restamps               caught-by: law (session-fixed-point)                  the monotone bump is applied to PATCH filings too, so a boot rewrites the athlete's own correction stamps
  fileCorr-not-monotone       caught-by: law (self-consistent)                      a live act filed with a backward wall stamp keeps it, so a record's own acts stop ordering themselves and its body contradicts a replay of its own corrLog
  ladder-repair-at-merge      caught-by: law (associativity)                        the ladder repair is put BACK at the binary merge, where it inserts a rung for a load only the transient pair holds
  ladder-repair-off           caught-by: law (load-on-ladder)                       the load/ladder invariant is dropped at the BOOT — its only site now that the merge is pure
  sameload-cache-claim        caught-by: law (reseed-integrity)                     the same-load refill trusts the cache's own claim again
  reseed-overwrite            caught-by: law (reseed-integrity)                     the heal overwrites a deliberate reseed
  steps-unstamped             caught-by: law (convergence; also associativity)      the ladder leaves the stamp discipline
  caches-do-not-ride          caught-by: law (stamp-value-coupling)                 last and lastMeta stop riding the load
  cache-tie-nondeterministic  caught-by: law (convergence)                          the unstamped cache tie goes back to arrival order
  union-payload-by-arrival    caught-by: pin (LAW m)                                one key with two payloads resolves by arrival instead of by value
  unskip-not-authoritative    caught-by: pin (LAW n)                                the un-skip payload stops restating an existing entry
  mutual-exclusion-off        caught-by: pin (LAW q A<-B, LAW q2 A<-B, LAW q B<-A)  a lift is allowed to sit in entries AND skipped at once
  fabricate-skip-provenance   caught-by: pin (LAW j (leg 5))                        the backfill invents a correction for every id in skipped[] — P0#1, membership read as provenance
  tie-reads-record-size       caught-by: law (convergence; also session-superset)   the (at,rev) tie resolves the body per RECORD again instead of per lift — and a record-level pick stops being associative once the record it compares has grown
  one-placement-off           caught-by: law (one-placement)                        the exclusion step is skipped, so a lift may sit in entries and skipped at once
  meta-by-size                caught-by: law (associativity; also convergence)      case 1 of _richerSession picks the base by _mergeScore again — the record's non-body fields ride the body's size, which is a function of the grouping
  carve-silent                caught-by: law (session-superset; also non-shrink)    the wholesale pick keeps the corrected body but files no receipt for what it discarded
  tie-by-argument-order       caught-by: law (convergence)                          the exact-authority tie is answered by argument position again — the carve keeps whichever record arrived first
  receipt-claims-corrected    caught-by: law (session-superset; also merge-fixed-point)the carve receipt always says the corrected copy stood, even when the later plain copy did
  receipt-not-cleared         caught-by: law (merge-fixed-point)                    a record whose dropped set has emptied keeps its obsolete carve line — the receipt outlives what it described
  receipt-keeps-others        caught-by: law (merge-fixed-point; also associativity, idempotence)the writer inserts the projection but no longer removes the carve lines already there — a stale line from the other side (or an obsolete one) stands beside it or outlives its record
  equal-day-uses-grouped-unioncaught-by: law (session-fixed-point + associativity; also day-order-kept)the equal-sequence branch keeps the union's identity-grouped order instead of the sequence both sides carried — an interleaved repeat is regrouped by a merge with oneself, and groupings disagree
  keyless-raw-json-identity   caught-by: law (keyless-max-multiset; also associativity)the keyless stores key their max-multiset union on raw JSON again, so a canonically-equal line in another key order is a second identity and two-against-one emits three
  one-sided-day-canonicalized caught-by: law (day-order-kept)                       a day only one side carries takes the differ branch again — nothing to reconcile, and the athlete's own within-day chronology comes out alphabetical
  adoptshift-not-projected    caught-by: law (associativity + merge-fixed-point)    the adoptshift line is no longer dropped and re-derived — a line filed on an intermediate merge's pick outlives the pick when a later merge overturns it, and groupings disagree
  projections-enter-day-order caught-by: law (day-order-kept)                       projections take part in the day rule again — a stale carve or adoptshift line on one replica makes two identical days differ, and the athlete's permanent lines are canonicalised before the stale line is removed
  lateread-not-projected      caught-by: law (merge-fixed-point)                    the read receipts stop re-deriving at merge — a legacy op-less set-aside line and the op-keyed line both survive as receipts for one read
  missed-not-healed           caught-by: law (merge-fixed-point)                    a disproven missed/gap line outlives the clean read that disproves it
  trend-chain-not-derived     caught-by: law (convergence)                          the trend, the pt chain and the weekly rows stop following the merged reads — a partial replica's replay survives beside the superset, differently by direction
  effects-not-derived         caught-by: law (convergence)                          the suggestion effects stop deriving from the decision log — the decision converges while targets.* rides local-wins
  decisions-wholesale         caught-by: law (convergence)                          the analyst-card decisions ride {...remote, ...local} again — a decision one device tapped is reverted by a stale device's later sync, and which list survives depends on merge direction
  decision-tie-by-device      caught-by: law (convergence)                          two devices that decided the same card on the same day settle by which one is local — the canonical-body tiebreak is gone
  dedup-tie-raw               caught-by: law (associativity)                        the op-dedup's d-tie compares raw entries again — with the union's identity canonical, one op line in two key orders against a different one settles by grouping
  equal-day-raw-identity      caught-by: law (day-order-kept)                       the equal branch compares the sides' day raw again, so one day carried in two key orders is canonicalised and its interleaved repeat regrouped
  same-day-by-arrival         caught-by: law (convergence; also day-order-kept, session-fixed-point)a day's lines keep arrival order even when the two sides disagree, so concurrent same-day lines reverse with merge direction
  merge-sort-not-last         caught-by: law (merge-fixed-point; also session-fixed-point)the merge sorts its feed BEFORE reconcileEraTransitions files its past-dated lines, so the merged feed is not newest-first and the next merge moves them (re-anchored at PROGRESSION-1 FIX-2: A6 added the sighting derivation to the same exit list)
  feed-unsorted               caught-by: law (merge-fixed-point; also session-fixed-point)the feed's canonical newest-first sort becomes the identity, so a receipt filed at the session's date sits above newer lines and the next merge moves it
  carve-ignores-union         caught-by: law (session-superset; also correction-survival, non-shrink)the carve fires whenever a side carries a corr, even when the other side's corrLog says a correction exists — the union is ignored
  guard-counts-receipts       caught-by: pin (LAW r)                                the guard counts derived receipts as history again — the app refuses its own migration and the scale fixes never reach his phone
  settle-exit-skips           caught-by: pin (SCALE-4 row 2)                        the v1/v2 migrate exit skips the reconcilers again — a legacy boot is not a fixed point of its own first merge
  read-authority-advisory     caught-by: pin (SCALE-4 H2)                           the read tie's class rule becomes advisory — record length decides between clean and late again and the non-transitive cycle returns
  adjustments-arrival         caught-by: pin (SCALE-4 row 4, SCALE-5 row 4, SCALE-8 P1)the adjustment ledger keeps arrival order — lastUndoable offers a different move by merge direction (re-anchored at SCALE-7: the sort moved inside the provenance-class block)
  dismissal-one-way           caught-by: pin (SCALE-4 row 4)                        the derived dismissal can be set but never cleared — an intermediate merge's verdict is terminal and the groupings disagree
  sug-receipts-history        caught-by: pin (LOAD-A k (evolved by leg 7), LADDER f (evolved by leg 7), LEG3 d (evolved by leg 7))the analyst-suggestion receipts stop re-deriving — an APPLIED line outlives the dismissal that reversed its effect
  patch59-receipt-local       caught-by: pin (SCALE-4 row 2, SCALE-4 new row 2, SCALE-5 new row 2)the patch59 receipt stops deriving from the merged re-classed reads — a stale replica's body can win the canonical tie again
  missedday-unguarded         caught-by: pin (SCALE-4 new row 1)                    the missed-day clause leaves the guard — a warranted summary can be deleted silently and nothing brings it back
  feedop-unguarded            caught-by: pin (SCALE-4 new row 3, SCALE-7 P0)        the feedop clause leaves the guard — deleting a whole op-keyed record passes as long as the counts happen to hold
  missed-dedup-byte           caught-by: pin (SCALE-4 new row 1)                    the one-line-per-missed-day rule keys on bytes again — two contradictory summaries for one day both survive every merge
  settle-log-unreduced        caught-by: pin (SCALE-6 B1a)                          the boot stops applying the merge's keyed reduction to the decision log — a duplicate-sid import boots wrong and flips at its first sync
  settle-datefold-gone        caught-by: pin (SCALE-6 B1c)                          the boot stops folding duplicate-date reads — an import replays both bodies until its first merge rewrites it
  store-skip-empty            caught-by: pin (SCALE-6 B1b)                          the attestation store normalizes only when reads exist again
  reclass-facts-not-filed     caught-by: pin (SCALE-6 B3)                           the migration stops filing the attestation FACT lines — the record an old client cannot unsay is never written
  reclass-facts-not-absorbed  caught-by: pin (SCALE-6 B3)                           the settle stops reading the FACT lines — the braid that lost the store and the (d,w) body loses the attestation again
  reclass-table-lost          caught-by: pin (SCALE-5 new row 2)                    the (d,w) table stops re-deriving the shipped attestations — the exact line a build once dropped by accident, now a declared trap
  undone-belt-gone            caught-by: pin (SCALE-6 B4)                           the adjustment's undone tap stops restoring the decision row — a braid that stripped the row flag resurrects the effect
  at-order-sid                caught-by: pin (SCALE-6 B5, SCALE-7 P1)               same-day decisions fall back to alphabetical sid order — the athlete's later tap silently loses at boot (re-anchored at SCALE-7: the key gained the ord class)
  adj-at-order                caught-by: pin (SCALE-5 row 4, SCALE-8 P1, SCALE-9 P1)the undo door falls back to rid order within a day — 'Last move applied' offers the older move (re-anchored at SCALE-7: the key gained the provenance class)
  nopt-rekey-skipped          caught-by: pin (SCALE-6 B6)                           the canonical re-key hides behind the pt-bearing chain again — a no-pt read keeps its operand key order forever
  rows-not-canonical          caught-by: pin (SCALE-6)                              keyed-store rows keep their raw key order — one production row in two spellings, two byte identities
  seed-exit-raw               caught-by: pin (SCALE-5 row 2)                        the fresh-install exit returns the raw seed again — the first sync rewrites a state the boot just produced
  fork-ops-unsorted           caught-by: pin (SCALE-5 row 2)                        the boot stops sorting imported fork ops — canonical only after the first merge
  read-not-rekeyed            caught-by: pin (SCALE-5 read-tie, SCALE-6 B6)         the merged read keeps its winning OPERAND's key order — one logical read, two byte identities, forever by direction
  undo-not-durable            caught-by: pin (SCALE-5 row 4, SCALE-7 P0)            the one-tap undo goes back to hiding the control without reversing the effect (re-anchored at SCALE-7: the arm gained the FACT-line writer)
  orphan-not-absorbed         caught-by: pin (SCALE-7 P0)                           the settle stops re-materializing an orphan undo — the braid the real f72dbf7 engine produced re-offers a decided card and lets a stale adjustment kill its re-approval
  sugundo-fact-not-filed      caught-by: pin (SCALE-7 P0)                           the undo stops filing its op-keyed FACT line — the tap has no record that survives a braid erasing the decision row
  fact-absorb-gone            caught-by: pin (SCALE-7 P0)                           the settle stops reading the sugundo FACT alone — an undo whose adjustment AND row were both lost never re-materializes
  tombstone-outranks-row      caught-by: pin (SCALE-7 P0)                           the union loses the non-orphan bit — the stand-in tombstone can beat the true decision row on a canonical tie and strip its apply body
  adj-id-order                caught-by: pin (SCALE-7 P1, SCALE-8 P1, SCALE-9 P1)   the undo door throws away the legacy writer's own embedded instant — same-day unstamped taps fall back to rid spelling and Undo reverses the wrong move (the rig123 wound; re-anchored at SCALE-8: one instant scale replaced the class ladder)
  adj-instant-not-derived     caught-by: pin (SCALE-9 P1)                           the sort stops reading the legacy id's embedded instant — a stamped 9am tap beats a legacy 5pm tap again (Sol's pass-6 witness, executed at 2e92fd0)
  mixed-day-ladder            caught-by: pin (SCALE-9 P1, SCALE-10)                 the instant-vs-ord class ladder returns — a mixed day compares epoch milliseconds against storage positions, so a no-instant row always sorts first and Undo reverses the earlier move (Sol's pass-7 witness, executed at 3ecf189)
  ord-mint-noinstant-only     caught-by: pin (SCALE-9 P1, SCALE-10)                 the boot mints a storage rank only for no-instant rows again — the instant-bearing rows on a mixed day have nothing comparable to be ordered by
  ord-unpadded                caught-by: pin (SCALE-9 P1)                           the storage rank loses its zero padding — position 10 sorts between 1 and 2 and the tenth move of a day is never the last one
  ordersure-finite-window     caught-by: pin (SCALE-9 P1, SCALE-10)                 a finite-window certainty assumption returns — two moves whose recorded separation exceeds the window are claimed as ordered although no clock bound is enforced (Sol's pass-8 witness: 25h01m apart, different days, both stamped)
  mode-over-all-rows          caught-by: pin (SCALE-10)                             the per-day mode is read from every row again — an undone fallback row keeps its day in recorded-sequence mode forever and permanently reverses the timed rows beside it
  ordersure-day-boxed         caught-by: pin (SCALE-9 P1, SCALE-10)                 certainty is judged by the day box again — two taps minutes apart across a skewed midnight each stand alone in their own day and 'Last move applied' is claimed over an unproven order (re-anchored at SCALE-10: the neighbourhood predicate was retired outright)
  ordersure-selected-row      caught-by: pin (SCALE-8 P1, SCALE-9 P1, SCALE-10)     orderSure becomes a property of the selected row again — a stamped winner claims 'Last move applied' over a skew-dependent or mixed-writer order (the executed A6 contradiction)
  proposal-at-dropped         caught-by: pin (SCALE-8 P1)                           applyProposal stops stamping its instant — its taps rank only by the id's embedded time and the row loses its first-class stamp
  sug-ord-not-minted          caught-by: pin (SCALE-7 P1)                           the boot stops recovering the legacy decision order from storage position — the production log's same-day rows fall back to sid spelling
  adj-ord-not-minted          caught-by: pin (SCALE-7 P1, SCALE-8 P1, SCALE-9 P1)   the boot stops recovering storage order for adjustments without a derivable instant — their day falls back to rid spelling (re-anchored at SCALE-8: the mint mirrors _adjInstant)
  ordersure-gone              caught-by: pin (SCALE-7 P1, SCALE-8 P1, SCALE-9 P1)   the undo door claims 'last' over an unproven same-day order again (re-anchored at SCALE-8: sureness is now set-derived)
  adjrank-local-tie           caught-by: pin (SCALE-5 row 4, SCALE-7 P0)            undone and dismissed tie at equal rank again and local wins — the undo door differs by merge direction
  coupling-day-only           caught-by: pin (SCALE-5 row 4)                        the winner's adjustment is matched by day alone — a losing device's undo door stands under the winning decision
  reclasslog-not-unioned      caught-by: pin (SCALE-5 new row 2)                    the attestation store stops merging by set union — whichever side is local decides what was attested
  reclass-not-enforced        caught-by: pin (SCALE-5 new row 2, SCALE-6 B3)        a resurrected offWindow body stays late — the owner's word reverses at a mixed-version merge
  sealed-not-clean            caught-by: pin (SCALE-5 new row 1)                    a sealed morning read stops disproving a missed line — the record claims he did and did not weigh in
  fork-ops-not-canonical      caught-by: pin (SCALE-4 row 2, SCALE-5 row 2, SCALE-6 B1a)the boot stops restating fork ops — a boot differs from its own self-merge in bytes no reconciler owns
  derive-counts-era-first     caught-by: pin (A6)                                   the sighting derivation counts the FIRST session of a technique era again — FIX 3c says the era's opening session banks nothing, and counting it hands a lift a sighting it never earned under the new setup
  derive-ignores-earn-receipt caught-by: pin (R13a-2, R13d, A6)                     the derivation stops reading the walk's own EARNED receipts — the record is no longer spent by the earn that spent it, so a lift keeps banking past its own graduation
  mint-without-signature      caught-by: pin (SCALE-4 row 2, T4, FIX-1)             the joint-sighting mint fires on any run of two instead of on the signature of two walks that each saw a first sighting — legacy history mints retroactive earns
  derive-not-at-merge         caught-by: law (sighting-faithful)                    the sighting record stops deriving at the MERGE exit — two devices that each banked one sighting merge to a state claiming one, and the earn the serial walk fires never fires (Sol's A6 witness)
  prefix-from-stale-tenure    caught-by: pin (A5 (Sol), A5, FIX-4 §5 (Sol hunt 1)   the progression prefix reaches back past a deload to the earliest sighting of the load — a lift that grew a set, dropped a load and came back is judged on a set count it no longer runs
  prefix-from-partial-line    caught-by: pin (FIX-3 §1 (cowork's own spec error), FIX-3 §1)the completeness exemption goes back to FIX-2's loose form — ANY volume receipt dated after an entry exempts ANY short line, however short, so a bare [9] opener at a new load establishes a prefix of 1 and [9,1,1,1] reads as a top of the window (re-aimed at FIX-3 §1: the breaker is the loose rule itself, and the old anchor no longer exists)
  prefix-counts-no-receipts   caught-by: pin (T20 (Q8c), FIX-3 §1, FIX-4 §3 (Sol A5, P1))setsAtTime stops walking the volume receipts back and reads today's set count for every past day — T20's three-set establishing line, filed before the push that made the lift a four-set lift, is judged against four and rejected (re-anchored at FIX-4 §3: the walk-back is a shared helper now, read by the prefix AND by the derivation)
  names-miss-renames          caught-by: pin (FIX-4b §1 (Grok hunt-2), FIX-4b §1, FIX-4b §1 LIVE)the former-names helper drops renames[].prevN — a PURE rename lives in renames[] and nowhere else, so after one the lift EARNED receipt becomes invisible, the earn window vanishes, and a plain boot re-counts the pair the earn already spent (a renamed press goes 250/1 -> 250/3, and its volume pushes stop counting too)
  setsattime-ignores-sameday-pushcaught-by: pin (FIX-4 §3 (Sol A5, P1), FIX-4 §3)      a VOLUME +1 filed on the entry's OWN day stops widening the maximum — the same-day apply-and-undo nets to zero, a three-of-four line is judged against three and reclassified as complete, and a session the walk refused to count banks a sighting at the next boot
  sighting-crosses-load-tenurecaught-by: pin (FIX-4 §5 (Sol hunt 1)                 the derivation stops bounding itself to the current LOAD TENURE — a top, an off-load session, and a top again read as two sightings where the walk reads one, so a plain boot rewrites the record and the mint can buy a load off the pair (Sol A6-1)
  mint-rescans-history        caught-by: pin (FIX-4 §1 [P0])                        the joint-sighting mint goes back to rescanning ALL historical tops at the current load instead of consuming the derivation's own tenure-bounded trace — any two PROVISIONAL days pair, whatever lies between them, and a ONE-device history mints an earn on a self-merge
  mint-dedupes-by-title       caught-by: pin (FIX-4 §2 [P0], FIX-4 §2)              the mint's receipt dedupe compares the DISPLAY TITLE again — a lift that graduates to a load, runs it, deloads and earns the same load again prints the identical sentence, so the legitimate re-earn is suppressed and the record is left unspent
  debut-id-collapses-graduationscaught-by: pin (FIX-4 §2)                             the classic debut id drops the graduation day — every graduation to a given load reuses one key, so a COMPLETED debut and an ACTIVE one share it and are a single MERGE_KEYED pass from collapsing into each other
  proposal-debut-without-vectorcaught-by: pin (FIX-4 §4 (Sol hunt 2, P1))            the two-rung offer stops minting its per-set vector — approved, the card falls back to a scalar debit and renders one weight for a lift that runs three different ones (Sol hunt 2)
  pad-zero-as-absence         caught-by: pin (A8 (Sol))                             the pad reads a delivered 0 as absence again and pads from hi-2, so a line ending in a set he could not start is continued from nowhere
  curl-restate-untied         caught-by: pin (A9 (Sol, live-race), A9)              the curl restatement stops being tied to the current load — a lift already advanced to a new numeric weight is rolled back to the older recorded vector
  seam-retire-by-date-only    caught-by: pin (A3 (Sol))                             the seam retirement keys on date and split alone — a fork that merely shares the date is swept with the eleven, without carrying the insertion identity
  wsets-not-advanced          caught-by: pin (Hunt 4 (Grok))                        the earn stops minting the advanced per-set vector — the lift graduates its load and leaves its per-set line a load behind
  hot-copy-claims-opener      caught-by: pin (Hunt 3 (Grok))                        the HOT line claims 'the opener at RIR 0' even when the arm fired because of the governor hold and no opener rating is on file — a claim the record does not support
  composite-eats-reset        caught-by: pin (FIX-1)                                the same-date fork union stops partitioning by class — a technique fork sharing a date with a derived context seam is absorbed into a kind-less split composite, the next boot deletes it as an underived seam, and the athlete authored protocol history is destroyed silently
  seams-not-projected         caught-by: pin (T3, FIX-1)                            the insertion seams stop being derived at every boundary — a stale replica hands a retired seam straight back through the fork union and the feed's max-multiset, and the eleven lifts freeze again (the fork union is deterministic either way, so the LAWS cannot see this: the pins are the owner)
  seam-derivation-uses-marker-datecaught-by: pin (LOAD-A g → PROGRESSION-1, T1, T3)     the seam is dated at the plan marker again instead of at ACTUAL EXPOSURE — the day the plan changed is not the day the lift was first performed under it, which is the whole defect (eleven seams stamped 8/17 for lifts that trained under nothing that day)
  settle-fork-kind-dropped    caught-by: pin (T3, PROGRESSION-1 (found while building), FIX-1)the boot exit's fork restatement rebuilds from a fixed key set again and silently drops the fork KIND — the first-class classifier vanishes and only the legacy split marker carries the reading
  patch60-mints-marker        caught-by: pin (R9b)                                  patchV60 MINTS an insertion marker instead of only lowering an existing one — a quarantined, invalid fly birth is handed the registry entry the quarantine exists to withhold
  sighting-resurrected        caught-by: pin (R13a-3's fence, re-aimed at FIX-2)    the per-lift merge prefers the HIGHER sighting run instead of the newer record — re-aimed at FIX-2: A6 derives the counter, so the counter itself can no longer be revived this way, but the ordering still decides the WHOLE lift record, and a stale replica winning it reinstates the governor hold, the retired ladder and the ownership flag the newer device released (R13a-3's fence, one level up)
  corrections-unguarded       caught-by: pin (LAW o)                                the correction ledger leaves recordCounts

  LAWS WITH NO REGISTERED MUTATION THAT BREAKS THEM: none

MUTATION TABLE: 120/120 caught by their declared owner
EXIT 0
