TAP version 13
# Subtest: D2 F4 actual second publication failure cannot claim success and retains invocation results
not ok 1 - D2 F4 actual second publication failure cannot claim success and retains invocation results
  ---
  duration_ms: 1102.3787
  type: 'test'
  location: 'C:\\Users\\joeym\\Documents\\prepledger-dev\\work\\pm-caretaker\\d2-frozen-build-setup\\.tmp\\d2-frozen-controls.test.mjs:67:1'
  failureType: 'testCodeFailure'
  error: 'a real publication failure must never print successful build/export claims'
  code: 'ERR_ASSERTION'
  name: 'AssertionError'
  expected:
  actual: |-
    HEAD is now at e3618ae Invented main source
    HEAD is now at dd5515e Invented old source
    built main @ e3618ae6ef65cca6d0adf768bfb4af373b725399
    
  operator: 'doesNotMatch'
  stack: |-
    TestContext.<anonymous> (file:///C:/Users/joeym/Documents/prepledger-dev/work/pm-caretaker/d2-frozen-build-setup/.tmp/d2-frozen-controls.test.mjs:71:35)
    process.processTicksAndRejections (node:internal/process/task_queues:103:5)
    async Test.run (node:internal/test_runner/test:1054:7)
    async startSubtestAfterBootstrap (node:internal/test_runner/harness:296:3)
  ...
1..1
# tests 1
# suites 0
# pass 0
# fail 1
# cancelled 0
# skipped 0
# todo 0
# duration_ms 1184.4682
